[     210ms] [INFO] %cDownload the React DevTools for a better development experience: https://react.dev/link/react-devtools font-weight:bold @ http://localhost:3000/_next/static/chunks/1hzq_next_dist_0fd3vku._.js:2489
[     278ms] [LOG] [HMR] connected @ http://localhost:3000/_next/static/chunks/1hzq_next_dist_0fd3vku._.js:2489
[   35310ms] [LOG] [Fast Refresh] rebuilding @ http://localhost:3000/_next/static/chunks/1hzq_next_dist_0fd3vku._.js:2489
[   35349ms] [LOG] [Fast Refresh] done in 72ms @ http://localhost:3000/_next/static/chunks/1hzq_next_dist_0fd3vku._.js:2489
[   35419ms] [LOG] [Fast Refresh] rebuilding @ http://localhost:3000/_next/static/chunks/1hzq_next_dist_0fd3vku._.js:2489
[   35484ms] [LOG] [Fast Refresh] done in 40ms @ http://localhost:3000/_next/static/chunks/1hzq_next_dist_0fd3vku._.js:2489
[   35521ms] [LOG] [Fast Refresh] rebuilding @ http://localhost:3000/_next/static/chunks/1hzq_next_dist_0fd3vku._.js:2489
[   35574ms] [LOG] [Fast Refresh] done in 69ms @ http://localhost:3000/_next/static/chunks/1hzq_next_dist_0fd3vku._.js:2489
[   35600ms] [LOG] [Fast Refresh] rebuilding @ http://localhost:3000/_next/static/chunks/1hzq_next_dist_0fd3vku._.js:2489
[   35629ms] [LOG] [Fast Refresh] done in 26ms @ http://localhost:3000/_next/static/chunks/1hzq_next_dist_0fd3vku._.js:2489
[   35641ms] [LOG] [Fast Refresh] rebuilding @ http://localhost:3000/_next/static/chunks/1hzq_next_dist_0fd3vku._.js:2489
[   35698ms] [LOG] [Fast Refresh] done in 15ms @ http://localhost:3000/_next/static/chunks/1hzq_next_dist_0fd3vku._.js:2489
[   35800ms] [LOG] [Fast Refresh] rebuilding @ http://localhost:3000/_next/static/chunks/1hzq_next_dist_0fd3vku._.js:2489
[   35882ms] [LOG] [Fast Refresh] done in 113ms @ http://localhost:3000/_next/static/chunks/1hzq_next_dist_0fd3vku._.js:2489
[   35887ms] [LOG] [Fast Refresh] rebuilding @ http://localhost:3000/_next/static/chunks/1hzq_next_dist_0fd3vku._.js:2489
[   35902ms] [LOG] [Fast Refresh] done in 6ms @ http://localhost:3000/_next/static/chunks/1hzq_next_dist_0fd3vku._.js:2489
[   35959ms] [LOG] [Fast Refresh] rebuilding @ http://localhost:3000/_next/static/chunks/1hzq_next_dist_0fd3vku._.js:2489
[   35960ms] [WARNING] [Fast Refresh] performing full reload

Fast Refresh will perform a full reload when you edit a file that's imported by modules outside of the React rendering tree.
You might have a file which exports a React component but also exports a value that is imported by a non-React component file.
Consider migrating the non-React component export to a separate file and importing it into both files.

It is also possible the parent component of the component you edited is a class component, which disables Fast Refresh.
Fast Refresh requires at least one parent function component in your React tree. @ http://localhost:3000/_next/static/chunks/1hzq_next_dist_0fd3vku._.js:2489
[   35985ms] [LOG] [Fast Refresh] done in 56ms @ http://localhost:3000/_next/static/chunks/1hzq_next_dist_0fd3vku._.js:2489
[   36308ms] [INFO] %cDownload the React DevTools for a better development experience: https://react.dev/link/react-devtools font-weight:bold @ http://localhost:3000/_next/static/chunks/1hzq_next_dist_0fd3vku._.js:2489
[   36332ms] [LOG] [HMR] connected @ http://localhost:3000/_next/static/chunks/1hzq_next_dist_0fd3vku._.js:2489
[   97703ms] [INFO] %cDownload the React DevTools for a better development experience: https://react.dev/link/react-devtools font-weight:bold @ http://localhost:3000/_next/static/chunks/1hzq_next_dist_0fd3vku._.js:2489
[   97720ms] [LOG] [HMR] connected @ http://localhost:3000/_next/static/chunks/1hzq_next_dist_0fd3vku._.js:2489
[   97856ms] [LOG] [Fast Refresh] rebuilding @ http://localhost:3000/_next/static/chunks/1hzq_next_dist_0fd3vku._.js:2489
[   97952ms] [LOG] [Fast Refresh] done in 123ms @ http://localhost:3000/_next/static/chunks/1hzq_next_dist_0fd3vku._.js:2489
[   98179ms] [INFO] %cDownload the React DevTools for a better development experience: https://react.dev/link/react-devtools font-weight:bold @ http://localhost:3000/_next/static/chunks/1hzq_next_dist_0fd3vku._.js:2489
[   98250ms] [LOG] [HMR] connected @ http://localhost:3000/_next/static/chunks/1hzq_next_dist_0fd3vku._.js:2489
[   99100ms] [LOG] [Fast Refresh] rebuilding @ http://localhost:3000/_next/static/chunks/1hzq_next_dist_0fd3vku._.js:2489
[   99381ms] [INFO] %cDownload the React DevTools for a better development experience: https://react.dev/link/react-devtools font-weight:bold @ http://localhost:3000/_next/static/chunks/1hzq_next_dist_0fd3vku._.js:2489
[   99391ms] [LOG] [HMR] connected @ http://localhost:3000/_next/static/chunks/1hzq_next_dist_0fd3vku._.js:2489
[   99552ms] [LOG] [Fast Refresh] rebuilding @ http://localhost:3000/_next/static/chunks/1hzq_next_dist_0fd3vku._.js:2489
[   99814ms] [INFO] %cDownload the React DevTools for a better development experience: https://react.dev/link/react-devtools font-weight:bold @ http://localhost:3000/_next/static/chunks/1hzq_next_dist_0fd3vku._.js:2489
[   99826ms] [LOG] [HMR] connected @ http://localhost:3000/_next/static/chunks/1hzq_next_dist_0fd3vku._.js:2489
[  100490ms] [LOG] [Fast Refresh] rebuilding @ http://localhost:3000/_next/static/chunks/1hzq_next_dist_0fd3vku._.js:2489
[  100769ms] [INFO] %cDownload the React DevTools for a better development experience: https://react.dev/link/react-devtools font-weight:bold @ http://localhost:3000/_next/static/chunks/1hzq_next_dist_0fd3vku._.js:2489
[  100780ms] [LOG] [HMR] connected @ http://localhost:3000/_next/static/chunks/1hzq_next_dist_0fd3vku._.js:2489
[  100924ms] [INFO] %cDownload the React DevTools for a better development experience: https://react.dev/link/react-devtools font-weight:bold @ http://localhost:3000/_next/static/chunks/1hzq_next_dist_0fd3vku._.js:2489
[  100944ms] [LOG] [HMR] connected @ http://localhost:3000/_next/static/chunks/1hzq_next_dist_0fd3vku._.js:2489
[  101065ms] [INFO] %cDownload the React DevTools for a better development experience: https://react.dev/link/react-devtools font-weight:bold @ http://localhost:3000/_next/static/chunks/1hzq_next_dist_0fd3vku._.js:2489
[  101078ms] [LOG] [HMR] connected @ http://localhost:3000/_next/static/chunks/1hzq_next_dist_0fd3vku._.js:2489
[  101227ms] [LOG] [Fast Refresh] rebuilding @ http://localhost:3000/_next/static/chunks/1hzq_next_dist_0fd3vku._.js:2489
[  101464ms] [INFO] %cDownload the React DevTools for a better development experience: https://react.dev/link/react-devtools font-weight:bold @ http://localhost:3000/_next/static/chunks/1hzq_next_dist_0fd3vku._.js:2489
[  101475ms] [LOG] [HMR] connected @ http://localhost:3000/_next/static/chunks/1hzq_next_dist_0fd3vku._.js:2489
[  101595ms] [INFO] %cDownload the React DevTools for a better development experience: https://react.dev/link/react-devtools font-weight:bold @ http://localhost:3000/_next/static/chunks/1hzq_next_dist_0fd3vku._.js:2489
[  101608ms] [LOG] [HMR] connected @ http://localhost:3000/_next/static/chunks/1hzq_next_dist_0fd3vku._.js:2489
[  101694ms] [INFO] %cDownload the React DevTools for a better development experience: https://react.dev/link/react-devtools font-weight:bold @ http://localhost:3000/_next/static/chunks/1hzq_next_dist_0fd3vku._.js:2489
[  101706ms] [LOG] [HMR] connected @ http://localhost:3000/_next/static/chunks/1hzq_next_dist_0fd3vku._.js:2489
[  101820ms] [INFO] %cDownload the React DevTools for a better development experience: https://react.dev/link/react-devtools font-weight:bold @ http://localhost:3000/_next/static/chunks/1hzq_next_dist_0fd3vku._.js:2489
[  101832ms] [LOG] [HMR] connected @ http://localhost:3000/_next/static/chunks/1hzq_next_dist_0fd3vku._.js:2489
[  101913ms] [ERROR] Failed to load resource: the server responded with a status of 404 (Not Found) @ http://localhost:3000/missing-route:0
[  101929ms] [INFO] %cDownload the React DevTools for a better development experience: https://react.dev/link/react-devtools font-weight:bold @ http://localhost:3000/_next/static/chunks/1hzq_next_dist_0fd3vku._.js:2489
[  101938ms] [LOG] [HMR] connected @ http://localhost:3000/_next/static/chunks/1hzq_next_dist_0fd3vku._.js:2489
[  149038ms] [INFO] %cDownload the React DevTools for a better development experience: https://react.dev/link/react-devtools font-weight:bold @ http://localhost:3000/_next/static/chunks/1hzq_next_dist_0fd3vku._.js:2489
[  149061ms] [LOG] [HMR] connected @ http://localhost:3000/_next/static/chunks/1hzq_next_dist_0fd3vku._.js:2489
[  150062ms] [INFO] %cDownload the React DevTools for a better development experience: https://react.dev/link/react-devtools font-weight:bold @ http://localhost:3000/_next/static/chunks/1hzq_next_dist_0fd3vku._.js:2489
[  150079ms] [LOG] [HMR] connected @ http://localhost:3000/_next/static/chunks/1hzq_next_dist_0fd3vku._.js:2489
[  150197ms] [INFO] %cDownload the React DevTools for a better development experience: https://react.dev/link/react-devtools font-weight:bold @ http://localhost:3000/_next/static/chunks/1hzq_next_dist_0fd3vku._.js:2489
[  150208ms] [LOG] [HMR] connected @ http://localhost:3000/_next/static/chunks/1hzq_next_dist_0fd3vku._.js:2489
[  150727ms] [INFO] %cDownload the React DevTools for a better development experience: https://react.dev/link/react-devtools font-weight:bold @ http://localhost:3000/_next/static/chunks/1hzq_next_dist_0fd3vku._.js:2489
[  150738ms] [LOG] [HMR] connected @ http://localhost:3000/_next/static/chunks/1hzq_next_dist_0fd3vku._.js:2489
[  150838ms] [INFO] %cDownload the React DevTools for a better development experience: https://react.dev/link/react-devtools font-weight:bold @ http://localhost:3000/_next/static/chunks/1hzq_next_dist_0fd3vku._.js:2489
[  150850ms] [LOG] [HMR] connected @ http://localhost:3000/_next/static/chunks/1hzq_next_dist_0fd3vku._.js:2489
[  150965ms] [INFO] %cDownload the React DevTools for a better development experience: https://react.dev/link/react-devtools font-weight:bold @ http://localhost:3000/_next/static/chunks/1hzq_next_dist_0fd3vku._.js:2489
[  150977ms] [LOG] [HMR] connected @ http://localhost:3000/_next/static/chunks/1hzq_next_dist_0fd3vku._.js:2489
[  151070ms] [INFO] %cDownload the React DevTools for a better development experience: https://react.dev/link/react-devtools font-weight:bold @ http://localhost:3000/_next/static/chunks/1hzq_next_dist_0fd3vku._.js:2489
[  151086ms] [LOG] [HMR] connected @ http://localhost:3000/_next/static/chunks/1hzq_next_dist_0fd3vku._.js:2489
[  151212ms] [INFO] %cDownload the React DevTools for a better development experience: https://react.dev/link/react-devtools font-weight:bold @ http://localhost:3000/_next/static/chunks/1hzq_next_dist_0fd3vku._.js:2489
[  151224ms] [LOG] [HMR] connected @ http://localhost:3000/_next/static/chunks/1hzq_next_dist_0fd3vku._.js:2489
